// Jest Snapshot v1, https://goo.gl/fbAQLP

exports[`should render AddExpensepage Correctly 1`] = `
<div>
  This is from add expense
  <ExpenseForm
    onSubmit={[Function]}
  />
</div>
`;
