// Jest Snapshot v1, https://goo.gl/fbAQLP

exports[`should render edit expense 1`] = `
<div>
  <ExpenseForm
    expense={
      Object {
        "amount": 4595,
        "createdAt": -345600000,
        "description": "Test ",
        "id": "3",
        "note": "",
      }
    }
    onSubmit={[Function]}
  />
  <button
    onClick={[Function]}
  >
    Remove
  </button>
</div>
`;
