// Jest Snapshot v1, https://goo.gl/fbAQLP

exports[`test should render ExpenseListItem with expenses[0] 1`] = `
<div>
  <Link
    replace={false}
    to="/edit/1"
  >
    <h3>
      Gum
    </h3>
  </Link>
  <p>
    $1.95
    -
    December 27th,1969
  </p>
</div>
`;
