// Jest Snapshot v1, https://goo.gl/fbAQLP

exports[`test should render ExpenseList with expenses 1`] = `
<div>
  <h1>
     Expense List
  </h1>
  <ExpenseListItem
    amount={195}
    createdAt={-432000000}
    description="Gum"
    id="1"
    key="1"
    note=""
  />
  <ExpenseListItem
    amount={4695}
    createdAt={345600000}
    description="Rent"
    id="2"
    key="2"
    note=""
  />
  <ExpenseListItem
    amount={4595}
    createdAt={-345600000}
    description="Test "
    id="3"
    key="3"
    note=""
  />
</div>
`;

exports[`test should render ExpenseList without expenses 1`] = `
<div>
  <h1>
     Expense List
  </h1>
  <p>
     there is no Expense in the list
  </p>
</div>
`;
