// Jest Snapshot v1, https://goo.gl/fbAQLP

exports[`should render Header Correctly 1`] = `
<header>
  <h1>
    Expensify
  </h1>
  <NavLink
    activeClassName="is-active"
    aria-current="page"
    exact={true}
    to="/"
  >
    DashBoard 
  </NavLink>
  <NavLink
    activeClassName="is-active"
    aria-current="page"
    to="/create"
  >
    Create Expense 
  </NavLink>
  <NavLink
    activeClassName="is-active"
    aria-current="page"
    to="/edit"
  >
     Edit 
  </NavLink>
  <NavLink
    activeClassName="is-active"
    aria-current="page"
    to="/help"
  >
     Help 
  </NavLink>
</header>
`;
