// Jest Snapshot v1, https://goo.gl/fbAQLP

exports[`should render Login button Correctly 1`] = `
<div
  className="box_layout"
>
  <div
    className="box_layout__box"
  >
    <h1
      className="box_layout__title"
    >
       Expensify App 
    </h1>
    <p>
       It's time to get your expenses under control
    </p>
    <button
      className="button"
      onClick={[MockFunction]}
    >
      Login with Google
    </button>
  </div>
</div>
`;
